setup\connecting_and_disconnecting.htm|setup\connecting_and_disconnecting.htm
security_policy\product_design_logic.htm|security_policy\product_design_logic.htm
publish_services\creating_services.htm|publish_services\creating_services.htm
secure span gateway console help_merged$.hhk|secure_span_gateway_console_help.hhk
secure span gateway console help.ali|secure_span_gateway_console_help.ali
publish_services\examples.htm|publish_services\examples.htm
ehlpdhtm.js|ehlpdhtm.js
publish_services\creating_policies.htm|publish_services\creating_policies.htm
publish_services\publishing_services.htm|publish_services\publishing_services.htm
movebutton.gif|movebutton.gif
secure span gateway console help.brs|secure_span_gateway_console_help.brs
client_agent\client_agent_overview.htm|client_agent\client_agent_overview.htm
user_interface\default_settings.htm|user_interface\default_settings.htm
console.css|console.css
secure span gateway console help.hha|secure_span_gateway_console_help_hha.hhk
publish_services\policy_views.htm|publish_services\policy_views.htm
secure span gateway console help.hhc|secure_span_gateway_console_help.hhc
publish_services\publish_services_overview.htm|publish_services\publish_services_overview.htm
secure span gateway console help.hhp|secure_span_gateway_console_help.hhp
setup\creating_users_and_groups.htm|setup\creating_users_and_groups.htm
publish_services\validating_policies.htm|publish_services\validating_policies.htm
client_agent\managing_clients.htm|client_agent\managing_clients.htm
<<reservedfile>>0|secure_span_gateway_console_help.hs
setup\overview.htm|setup\overview.htm
gateway_management\statistics.htm|gateway_management\statistics.htm
secure span gateway console help.trs|secure_span_gateway_console_help.trs
user_interface\preferences.htm|user_interface\preferences.htm
setup\policy_templates.htm|setup\policy_templates.htm
troubleshooting\troubleshooting.htm|troubleshooting\troubleshooting.htm
security_policy\key_concepts.htm|security_policy\key_concepts.htm
overview\audience.htm|overview\audience.htm
overview\contact_information.htm|overview\contact_information.htm
overview\product_architecture_model.htm|overview\product_architecture_model.htm
setup\identity_providers.htm|setup\identity_providers.htm
overview\product_overview.htm|overview\product_overview.htm
user_interface\menus.htm|user_interface\menus.htm
user_interface\screen_sections.htm|user_interface\screen_sections.htm
gateway_management\gateway_controls.htm|gateway_management\gateway_controls.htm
security_policy\examples.htm|security_policy\examples.htm
client_agent\client_user_interface.htm|client_agent\client_user_interface.htm
welcome.htm|welcome.htm
gateway_management\logs_overview.htm|gateway_management\logs_overview.htm
gateway_management\reviewing_logs.htm|gateway_management\reviewing_logs.htm
